// Jest Snapshot v1, https://goo.gl/fbAQLP

exports[`should render correctly 1`] = `
<div
  className="page page-limited display-flex-justify-center"
>
  <Alert
    className="it__alert-no-access-all-child-project max-width-60 huge-spacer-top"
    display="block"
    variant="error"
  >
    <p>
      application.cannot_access_all_child_projects1
    </p>
    <br />
    <p>
      application.cannot_access_all_child_projects2
    </p>
  </Alert>
</div>
`;
