// Jest Snapshot v1, https://goo.gl/fbAQLP

exports[`should render correctly 1`] = `
<li
  className="issues-workspace-list-item"
>
  <div
    className="issues-workspace-list-component note"
  >
    <ComponentBreadcrumbs
      component={
        Object {
          "breadcrumbs": Array [],
          "key": "my-project",
          "name": "MyProject",
          "qualifier": "TRK",
          "qualityGate": Object {
            "isDefault": true,
            "key": "30",
            "name": "Sonar way",
          },
          "qualityProfiles": Array [
            Object {
              "deleted": false,
              "key": "my-qp",
              "language": "ts",
              "name": "Sonar way",
            },
          ],
          "tags": Array [],
        }
      }
      issue={
        Object {
          "actions": Array [],
          "component": "main.js",
          "componentLongName": "main.js",
          "componentQualifier": "FIL",
          "componentUuid": "foo1234",
          "creationDate": "2017-03-01T09:36:01+0100",
          "flows": Array [],
          "fromHotspot": false,
          "key": "AVsae-CQS-9G3txfbFN2",
          "line": 25,
          "message": "Reduce the number of conditional operators (4) used in the expression",
          "project": "myproject",
          "projectKey": "foo",
          "projectName": "Foo",
          "rule": "javascript:S1067",
          "ruleName": "foo",
          "secondaryLocations": Array [],
          "severity": "MAJOR",
          "status": "OPEN",
          "textRange": Object {
            "endLine": 26,
            "endOffset": 15,
            "startLine": 25,
            "startOffset": 0,
          },
          "transitions": Array [],
          "type": "BUG",
        }
      }
    />
  </div>
  <Issue
    branchLike={
      Object {
        "analysisDate": "2018-01-01",
        "excludedFromPurge": true,
        "isMain": false,
        "name": "branch-6.7",
      }
    }
    checked={false}
    issue={
      Object {
        "actions": Array [],
        "component": "main.js",
        "componentLongName": "main.js",
        "componentQualifier": "FIL",
        "componentUuid": "foo1234",
        "creationDate": "2017-03-01T09:36:01+0100",
        "flows": Array [],
        "fromHotspot": false,
        "key": "AVsae-CQS-9G3txfbFN2",
        "line": 25,
        "message": "Reduce the number of conditional operators (4) used in the expression",
        "project": "myproject",
        "projectKey": "foo",
        "projectName": "Foo",
        "rule": "javascript:S1067",
        "ruleName": "foo",
        "secondaryLocations": Array [],
        "severity": "MAJOR",
        "status": "OPEN",
        "textRange": Object {
          "endLine": 26,
          "endOffset": 15,
          "startLine": 25,
          "startOffset": 0,
        },
        "transitions": Array [],
        "type": "BUG",
      }
    }
    onChange={[MockFunction]}
    onCheck={[MockFunction]}
    onClick={[MockFunction]}
    onFilter={[Function]}
    onPopupToggle={[MockFunction]}
    selected={false}
  />
</li>
`;
