// Jest Snapshot v1, https://goo.gl/fbAQLP

exports[`should render correctly 1`] = `
<Fragment>
  <CreateJenkinsfileBulletPoint
    alertTranslationKeyPart="onboarding.tutorial.with.jenkins.jenkinsfile.maven.step3"
    snippet="node {
  stage('SCM') {
    checkout scm
  }
  stage('SonarQube Analysis') {
    def mvn = tool 'Default Maven';
    withSonarQubeEnv() {
      sh \\"\${mvn}/bin/mvn clean verify sonar:sonar -Dsonar.projectKey=my-project\\"
    }
  }
}"
  />
  <FinishButton
    onClick={[MockFunction]}
  />
</Fragment>
`;
