// Jest Snapshot v1, https://goo.gl/fbAQLP

exports[`should render correctly: adAlreadySeen 1`] = `""`;

exports[`should render correctly: anonymous 1`] = `""`;

exports[`should render correctly: loggedIn 1`] = `
<div
  className="toaster display-flex-center big-padded-left big-padded-right"
>
  <div
    className="toaster-icon spacer-right"
  >
    <img
      alt="SonarQube + SonarLint"
      height={80}
      src="/images/sq-sl.svg"
    />
  </div>
  <div
    className="toaster-content flex-1 padded-left padded-right big-padded-top big-padded-bottom"
  >
    <span
      className="toaster-title text-bold medium"
    >
      promotion.sonarlint.title
    </span>
    <p
      className="spacer-top"
    >
      promotion.sonarlint.content
    </p>
  </div>
  <div
    className="toaster-actions spacer-left padded-left display-flex-column display-flex-center"
  >
    <a
      className="button button-primary big-spacer-bottom"
      href="https://www.sonarqube.org/sonarlint/?referrer=sonarqube-welcome"
      onClick={[Function]}
      rel="noreferrer"
      target="_blank"
    >
      learn_more
    </a>
    <ButtonLink
      className="toaster-link"
      onClick={[Function]}
    >
      dismiss
    </ButtonLink>
  </div>
</div>
`;
