// Jest Snapshot v1, https://goo.gl/fbAQLP

exports[`should render correctly in application mode 1`] = `
<SelectList
  disabledElements={Array []}
  elements={
    Array [
      "test1",
      "test2",
      "test3",
    ]
  }
  elementsTotalCount={55}
  needToReload={false}
  onSearch={[Function]}
  onSelect={[Function]}
  onUnselect={[Function]}
  renderElement={[Function]}
  selectedElements={
    Array [
      "test3",
    ]
  }
  withPaging={true}
/>
`;

exports[`should render correctly in application mode: render project: basic 1`] = `
<div
  className="views-project-item display-flex-center little-padded"
>
  <QualifierIcon
    className="spacer-right"
    qualifier="TRK"
  />
  <div>
    <div
      title="test1"
    >
      test1
    </div>
    <div
      className="note"
    >
      test1
    </div>
  </div>
</div>
`;

exports[`should render correctly in application mode: render project: inaccessible 1`] = `
<div
  className="views-project-item display-flex-center little-padded bg-warning"
>
  <Tooltip
    overlay="application_console.project_inaccessible"
  >
    <WarningIcon
      className="spacer-right"
    />
  </Tooltip>
  <div>
    <div
      title="test2"
    >
      test2
    </div>
    <div
      className="note"
    >
      test2
    </div>
  </div>
</div>
`;
