// Jest Snapshot v1, https://goo.gl/fbAQLP

exports[`should render correctly 1`] = `
<QualityGatePermissionsAddModalRenderer
  loading={false}
  onClose={[MockFunction]}
  onInputChange={[Function]}
  onSelection={[Function]}
  onSubmit={[Function]}
  query=""
  searchResults={Array []}
  submitting={false}
/>
`;
