// Jest Snapshot v1, https://goo.gl/fbAQLP

exports[`should render correctly 1`] = `
<QualityGatePermissionsRenderer
  groups={Array []}
  loading={true}
  onClickAddPermission={[Function]}
  onClickDeletePermission={[Function]}
  onCloseAddPermission={[Function]}
  onCloseDeletePermission={[Function]}
  onConfirmDeletePermission={[Function]}
  onSubmitAddPermission={[Function]}
  qualityGate={
    Object {
      "id": "1",
      "name": "qualitygate",
    }
  }
  showAddModal={false}
  submitting={false}
  users={Array []}
/>
`;
