// Jest Snapshot v1, https://goo.gl/fbAQLP

exports[`should render correctly: default 1`] = `
<Fragment>
  <SearchResultEntry
    active={false}
    key="lorem/origin"
    result={
      Object {
        "exactMatch": false,
        "highlights": Object {
          "text": Array [
            Array [
              15,
              6,
            ],
            Array [
              28,
              4,
            ],
          ],
          "title": Array [
            Array [
              19,
              5,
            ],
          ],
        },
        "longestTerm": "",
        "page": Object {
          "content": "Contrary to popular belief, Lorem Ipsum is not simply random text. It has roots in a piece of classical Latin literature from 45 BC, making it over 2000 years old. Richard McClintock, a Latin professor at Hampden-Sydney College in Virginia, looked up one of the more obscure Latin words.",
          "navTitle": undefined,
          "relativeName": "lorem/origin",
          "text": "Contrary to popular belief, Lorem Ipsum is not simply random text. It has roots in a piece of classical Latin literature from 45 BC, making it over 2000 years old. Richard McClintock, a Latin professor at Hampden-Sydney College in Virginia, looked up one of the more obscure Latin words.",
          "title": "Where does it come from?",
          "url": "/lorem/origin",
        },
        "query": "what is 42",
      }
    }
  />
  <SearchResultEntry
    active={true}
    key="foobar"
    result={
      Object {
        "exactMatch": false,
        "highlights": Object {
          "text": Array [
            Array [
              111,
              6,
            ],
            Array [
              118,
              4,
            ],
          ],
          "title": Array [
            Array [
              23,
              4,
            ],
          ],
        },
        "longestTerm": "",
        "page": Object {
          "content": "Foobar is a universal variable understood to represent whatever is being discussed. Now we need some keywords: simply text.",
          "navTitle": undefined,
          "relativeName": "foobar",
          "text": "Foobar is a universal variable understood to represent whatever is being discussed. Now we need some keywords: simply text.",
          "title": "Where does Foobar come from?",
          "url": "/foobar",
        },
        "query": "what is 42",
      }
    }
  />
</Fragment>
`;
