// Jest Snapshot v1, https://goo.gl/fbAQLP

exports[`should render child correctly: C unavailable 1`] = `
<ol
  className="list-styled big-spacer-top big-spacer-bottom"
>
  <li
    className="abs-width-600"
  >
    onboarding.build
    <RenderOptions
      name="language"
      onCheck={[Function]}
      optionLabelKey="onboarding.build"
      options={
        Array [
          "maven",
          "gradle",
          "dotnet",
          "other",
        ]
      }
    />
  </li>
</ol>
`;

exports[`should render correctly: C available 1`] = `
<ol
  className="list-styled big-spacer-top big-spacer-bottom"
>
  <li
    className="abs-width-600"
  >
    onboarding.build
    <RenderOptions
      name="language"
      onCheck={[Function]}
      optionLabelKey="onboarding.build"
      options={
        Array [
          "maven",
          "gradle",
          "dotnet",
          "cfamily",
          "other",
        ]
      }
    />
  </li>
</ol>
`;

exports[`should render correctly: C unavailable 1`] = `
<ol
  className="list-styled big-spacer-top big-spacer-bottom"
>
  <li
    className="abs-width-600"
  >
    onboarding.build
    <RenderOptions
      name="language"
      onCheck={[Function]}
      optionLabelKey="onboarding.build"
      options={
        Array [
          "maven",
          "gradle",
          "dotnet",
          "other",
        ]
      }
    />
  </li>
</ol>
`;
