// Jest Snapshot v1, https://goo.gl/fbAQLP

exports[`should render correctly: anonymous user 1`] = `""`;

exports[`should render correctly: default 1`] = `
<DismissableAlert
  alertKey="new_minor_version9.1"
  className="promote-update-notification it__upgrade-prompt-new_minor_version"
  variant="info"
>
  admin_notification.update.new_minor_version
  <SystemUpgradeButton
    latestLTS="8.9"
    systemUpgrades={
      Array [
        Object {
          "changeLogUrl": "changelogurl",
          "description": "Version 5.6.7 description",
          "downloadUrl": "downloadurl",
          "releaseDate": "2017-03-01",
          "version": "9.1",
        },
      ]
    }
    updateUseCase="new_minor_version"
  />
</DismissableAlert>
`;
