// Jest Snapshot v1, https://goo.gl/fbAQLP

exports[`should render correctly: has failed condition 1`] = `
<div
  className="it__overview__sonarlint-promotion big-spacer-top overview-quality-gate-sonar-lint-info"
>
  <FormattedMessage
    defaultMessage="overview.fix_failed_conditions_with_sonarlint"
    id="overview.fix_failed_conditions_with_sonarlint"
    values={
      Object {
        "link": <React.Fragment>
          <a
            href="https://www.sonarqube.org/sonarlint/?referrer=sonarqube"
            rel="noopener noreferrer"
            target="_blank"
          >
            SonarLint
          </a>
          <SonarLintIcon
            size={16}
          />
        </React.Fragment>,
      }
    }
  />
</div>
`;
